<html>
<body>
<pre>
<h1>µVision Build Log</h1>
<h2>Tool Versions:</h2>
IDE-Version: µVision V5.36.0.0
Copyright (C) 2021 ARM Ltd and ARM Germany GmbH. All rights reserved.
License Information: . ., ., LIC=----
 
Tool Versions:
Toolchain:       MDK-Lite  Version: 5.36.0.0
Toolchain Path:  C:\Keil_v5\ARM\ARMCLANG\Bin
C Compiler:      ArmClang.exe V6.16
Assembler:       Armasm.exe V6.16
Linker/Locator:  ArmLink.exe V6.16
Library Manager: ArmAr.exe V6.16
Hex Converter:   FromElf.exe V6.16
CPU DLL:         SARMCM3.DLL V5.36.0.0
Dialog DLL:      DARMCM1.DLL V1.19.4.0
Target DLL:      STLink\ST-LINKIII-KEIL_SWO.dll V3.0.9.0
Dialog DLL:      TARMCM1.DLL V1.14.4.0
 
<h2>Project:</h2>
C:\Microcontrollers\3.uvprojx
Project File Date:  10/27/2021

<h2>Output:</h2>
*** Using Compiler 'V6.16', folder: 'C:\Keil_v5\ARM\ARMCLANG\Bin'
Rebuild target 'Target 1'
assembling startup_stm32f072xb.s...
compiling system_stm32f0xx.c...
main.c(1): warning: In file included from...
./buttons.h(25): warning: no previous extern declaration for non-static variable 'b_states' [-Wmissing-variable-declarations]
volatile states b_states = {false, false, false, false};
                ^
./buttons.h(25): note: declare 'static' if the variable is not intended to be used outside of this translation unit
volatile states b_states = {false, false, false, false};
         ^
./buttons.h(26): warning: no previous extern declaration for non-static variable 'b_pressed' [-Wmissing-variable-declarations]
volatile pressed b_pressed = {true, true, true, true};
                 ^
./buttons.h(26): note: declare 'static' if the variable is not intended to be used outside of this translation unit
volatile pressed b_pressed = {true, true, true, true};
         ^
./buttons.h(27): warning: no previous extern declaration for non-static variable 'b_time' [-Wmissing-variable-declarations]
volatile time b_time = {0, 0, 0, 0};
              ^
./buttons.h(27): note: declare 'static' if the variable is not intended to be used outside of this translation unit
volatile time b_time = {0, 0, 0, 0};
         ^
3 warnings generated.
compiling main.c...
linking...
Program Size: Code=1382 RO-data=242 RW-data=8 ZI-data=1656  
".\Objects\3.axf" - 0 Error(s), 3 Warning(s).

<h2>Software Packages used:</h2>

Package Vendor: ARM
                http://www.keil.com/pack/ARM.CMSIS.5.8.0.pack
                ARM.CMSIS.5.8.0
                CMSIS (Common Microcontroller Software Interface Standard)
   * Component: CORE Version: 5.5.0

Package Vendor: Keil
                http://www.keil.com/pack/Keil.STM32F0xx_DFP.2.1.0.pack
                Keil.STM32F0xx_DFP.2.1.0
                STMicroelectronics STM32F0 Series Device Support, Drivers and Examples
   * Component: Startup Version: 1.0.0

<h2>Collection of Component include folders:</h2>
  .\RTE\_Target_1
  C:\Users\kater\AppData\Local\Arm\Packs\ARM\CMSIS\5.8.0\CMSIS\Core\Include
  C:\Users\kater\AppData\Local\Arm\Packs\Keil\STM32F0xx_DFP\2.1.0\Drivers\CMSIS\Device\ST\STM32F0xx\Include

<h2>Collection of Component Files used:</h2>

   * Component: ARM::CMSIS:CORE:5.5.0

   * Component: Keil.Standalone::Device:Startup:1.0.0
      Source file:   MDK\Device\Source\ARM\STM32F0xx_OPT.s
      Source file:   Drivers\CMSIS\Device\ST\STM32F0xx\Source\Templates\arm\startup_stm32f072xb.s
      Include file:  Drivers\CMSIS\Device\ST\STM32F0xx\Include\stm32f0xx.h
      Source file:   Drivers\CMSIS\Device\ST\STM32F0xx\Source\Templates\system_stm32f0xx.c
Build Time Elapsed:  00:00:01
</pre>
</body>
</html>
